// Jest Snapshot v1, https://goo.gl/fbAQLP

exports[`Button renders correctly 1`] = `
<div
  class="sc-eCImPb jJlSpx"
>
  <button
    class="sc-dkPtRN hMJxMJ"
  >
    Text
  </button>
</div>
`;
