// Jest Snapshot v1, https://goo.gl/fbAQLP

exports[`Toolbar renders correctly 1`] = `
<div
  class="sc-bqiRlB gHuqeJ"
>
  <div
    class="sc-eCImPb jJlSpx"
  >
    <button
      class="sc-dkPtRN hMJxMJ"
    >
      1
    </button>
  </div>
  <div
    class="sc-ksdxgE juUnxj"
  />
  <div
    class="sc-hBUSln jyJWLq"
  />
  <div
    class="sc-eCImPb jJlSpx"
  >
    <button
      class="sc-dkPtRN hMJxMJ"
    >
      2
    </button>
  </div>
</div>
`;

exports[`Toolbar renders with props 1`] = `
<div
  class="sc-bqiRlB iAOHyw"
/>
`;
