// Jest Snapshot v1, https://goo.gl/fbAQLP

exports[`Helpers extract 1`] = `
{
  "__serializedType__": "testType",
  "data": {
    "testData": "test",
  },
}
`;

exports[`Helpers mark 1`] = `
{
  "__serializedType__": "testType",
  "data": {
    "testData": "test",
  },
}
`;

exports[`Helpers mark 2`] = `
{
  "__serializedType__": "testType",
  "data": "[object Object]",
}
`;

exports[`Helpers refer 1`] = `
{
  "__serializedType__": "testType",
  "data": {
    "testData": "test",
  },
}
`;
