// Jest Snapshot v1, https://goo.gl/fbAQLP

exports[`Button renders correctly 1`] = `
<div
  class="sc-dcJsrY dAhqLr"
>
  <button
    class="sc-eqUAAy fNGiZB"
  >
    Text
  </button>
</div>
`;
