// Jest Snapshot v1, https://goo.gl/fbAQLP

exports[`ContextMenu renders correctly 1`] = `
<div
  class="sc-jTQDnj ATyGi"
  style="top: 100px; left: 100px;"
>
  <button
    value="Menu Item 1"
  >
    Menu Item 1
  </button>
  <button
    value="Menu Item 2"
  >
    Menu Item 2
  </button>
  <button
    value="Menu Item 3"
  >
    Menu Item 3
  </button>
</div>
`;
