// Jest Snapshot v1, https://goo.gl/fbAQLP

exports[`Notification renders correctly 1`] = `
<div
  class="sc-eDWCr fTovFd"
  type="info"
>
  <span>
    Message
  </span>
</div>
`;

exports[`Notification renders with props 1`] = `
<div
  class="sc-eDWCr fTovFd"
  type="error"
>
  <svg
    fill="currentColor"
    height="1em"
    stroke="currentColor"
    stroke-width="0"
    viewBox="0 0 24 24"
    width="1em"
    xmlns="http://www.w3.org/2000/svg"
  >
    <path
      d="M0 0h24v24H0z"
      fill="none"
    />
    <path
      d="M12 2C6.48 2 2 6.48 2 12s4.48 10 10 10 10-4.48 10-10S17.52 2 12 2zm1 15h-2v-2h2v2zm0-4h-2V7h2v6z"
    />
  </svg>
  <span>
    Message
  </span>
  <button>
    <svg
      fill="currentColor"
      height="1em"
      stroke="currentColor"
      stroke-width="0"
      viewBox="0 0 24 24"
      width="1em"
      xmlns="http://www.w3.org/2000/svg"
    >
      <path
        d="M0 0h24v24H0z"
        fill="none"
      />
      <path
        d="M19 6.41L17.59 5 12 10.59 6.41 5 5 6.41 10.59 12 5 17.59 6.41 19 12 13.41 17.59 19 19 17.59 13.41 12z"
      />
    </svg>
  </button>
</div>
`;
