// Jest Snapshot v1, https://goo.gl/fbAQLP

exports[`Toolbar renders correctly 1`] = `
<div
  class="sc-bqWxrE cDkpaR"
>
  <div
    class="sc-eDvSVe goAuXT"
  >
    <button
      class="sc-dkrFOg gBSOcI"
    >
      1
    </button>
  </div>
  <div
    class="sc-ksBlkl kGEFah"
  />
  <div
    class="sc-hBxehG ernVCh"
  />
  <div
    class="sc-eDvSVe goAuXT"
  >
    <button
      class="sc-dkrFOg gBSOcI"
    >
      2
    </button>
  </div>
</div>
`;

exports[`Toolbar renders with props 1`] = `
<div
  class="sc-bqWxrE bZThUM"
/>
`;
